WARNING: A terminally deprecated method in sun.misc.Unsafe has been called
WARNING: sun.misc.Unsafe::objectFieldOffset has been called by com.google.common.util.concurrent.AbstractFuture$UnsafeAtomicHelper (file:/usr/share/maven/lib/guava.jar)
WARNING: Please consider reporting this to the maintainers of class com.google.common.util.concurrent.AbstractFuture$UnsafeAtomicHelper
WARNING: sun.misc.Unsafe::objectFieldOffset will be removed in a future release
[[1;34mINFO[m] Scanning for projects...
[[1;34mINFO[m] 
[[1;34mINFO[m] [1m------------------------< [0;36mBOMBERMAN:BOMBERMAN[0;1m >-------------------------[m
[[1;34mINFO[m] [1mBuilding BOMBERMAN 1.0-SNAPSHOT[m
[[1;34mINFO[m] [1m--------------------------------[ jar ]---------------------------------[m
[[1;34mINFO[m] 
[[1;34mINFO[m] [1m--- [0;32mmaven-resources-plugin:2.6:resources[m [1m(default-resources)[m @ [36mBOMBERMAN[0;1m ---[m
[[1;34mINFO[m] Using 'UTF-8' encoding to copy filtered resources.
[[1;34mINFO[m] Copying 14 resources
[[1;34mINFO[m] 
[[1;34mINFO[m] [1m--- [0;32mmaven-compiler-plugin:3.13.0:compile[m [1m(default-compile)[m @ [36mBOMBERMAN[0;1m ---[m
[[1;34mINFO[m] Recompiling the module because of [1madded or removed source files[m.
[[1;34mINFO[m] Compiling 15 source files with javac [debug target 24 module-path] to target/classes
[[1;34mINFO[m] 
[[1;34mINFO[m] [1m--- [0;32mexec-maven-plugin:3.5.1:java[m [1m(default-cli)[m @ [36mBOMBERMAN[0;1m ---[m
juin 08, 2025 12:29:59 AM com.sun.javafx.application.PlatformImpl startup
WARNING: Unsupported JavaFX configuration: classes were loaded from 'unnamed module @5243196a'
WARNING: A restricted method in java.lang.System has been called
WARNING: java.lang.System::load has been called by com.sun.glass.utils.NativeLibLoader in an unnamed module (file:/home/neoziboy/.m2/repository/org/openjfx/javafx-graphics/17.0.6/javafx-graphics-17.0.6-linux.jar)
WARNING: Use --enable-native-access=ALL-UNNAMED to avoid a warning for callers in this module
WARNING: Restricted methods will be blocked in a future release unless native access is enabled

High Score chargé : 2390
Tentative de chargement : file:/home/neoziboy/IdeaProjects/BOMBERMAN/target/classes/music/intro.wav
Son chargé avec succès : intro depuis /music/intro.wav
Tentative de chargement : file:/home/neoziboy/IdeaProjects/BOMBERMAN/target/classes/music/Level_Start.wav
Son chargé avec succès : level_start depuis /music/Level_Start.wav
Tentative de chargement : file:/home/neoziboy/IdeaProjects/BOMBERMAN/target/classes/music/Theme_World_1.wav
Son chargé avec succès : theme_world_1 depuis /music/Theme_World_1.wav
Tentative de chargement : file:/home/neoziboy/IdeaProjects/BOMBERMAN/target/classes/music/Level_Clear.wav
Son chargé avec succès : level_clear depuis /music/Level_Clear.wav
Tentative de chargement effet sonore AudioClip : file:/home/neoziboy/IdeaProjects/BOMBERMAN/target/classes/music/Menu_Cursor.wav
Effet sonore AudioClip préchargé avec succès : menu_cursor depuis /music/Menu_Cursor.wav
Tentative de chargement effet sonore AudioClip : file:/home/neoziboy/IdeaProjects/BOMBERMAN/target/classes/music/Menu_Select.wav
Effet sonore AudioClip préchargé avec succès : menu_select depuis /music/Menu_Select.wav
Tentative de chargement effet sonore AudioClip : file:/home/neoziboy/IdeaProjects/BOMBERMAN/target/classes/music/Walking.wav
Effet sonore AudioClip préchargé avec succès : walking depuis /music/Walking.wav
Tentative de chargement effet sonore AudioClip : file:/home/neoziboy/IdeaProjects/BOMBERMAN/target/classes/music/Dies.wav
Effet sonore AudioClip préchargé avec succès : dies depuis /music/Dies.wav
Tentative de chargement effet sonore AudioClip : file:/home/neoziboy/IdeaProjects/BOMBERMAN/target/classes/music/Bomb_Place.wav
Effet sonore AudioClip préchargé avec succès : bomb_place depuis /music/Bomb_Place.wav
Tentative de chargement effet sonore AudioClip : file:/home/neoziboy/IdeaProjects/BOMBERMAN/target/classes/music/Bomb_Explodes.wav
Effet sonore AudioClip préchargé avec succès : bomb_explode depuis /music/Bomb_Explodes.wav
SoundManager initialisé - Chargement terminé (musique + effets menu/gameplay + musique niveau)
Image d'intro chargée : /images/intro.png
Image de contours de map chargée : /sprites/contours_map.png (dimensions: 272x176)
=== BOMBERMAN DÉMARRÉ ===
État initial : START_MENU
High Score : 2390
MediaPlayer prêt pour : intro
Durée : 20040.0 ms
MediaPlayer prêt pour : level_start
Durée : 3000.979167 ms
MediaPlayer prêt pour : theme_world_1
Durée : 162240.979167 ms
MediaPlayer prêt pour : level_clear
Durée : 3573.333334 ms
Lecture en boucle du son : intro
Musique d'intro lancée avec délai
Démarrage d'une nouvelle partie...
Arrêt du son : intro
Musique d'intro arrêtée

=== PARTIE 1 ===
=== NIVEAU 1 ===
Power-up SPEED_UP caché à la position (1, 3)
Power-up EXTRA_BOMB caché à la position (11, 3)
Power-up RANGE_UP caché à la position (1, 6)
Total de 3 power-ups cachés générés
Enemy 1 created at position (3, 7)
Enemy 2 created at position (5, 9)
Enemy 3 created at position (4, 7)
Created 3 enemies out of 3 requested for level 1
Porte de sortie cachée en position (1, 6)
⏱️ Timer global démarré - 2min30s avant perte de vie automatique
Niveau 1 initialisé avec musique de démarrage !
Nombre d'ennemis : 3
Nouvelle partie initialisée !
Score initial : 0
Lecture unique du son : level_start
Délai d'attente terminé - Lancement de Level_Start.wav
Fin de lecture pour : level_start - Exécution du callback
Respawn du joueur à (1, 1) | Invincibilité (10s)
Arrêt du son : intro
Arrêt du son : level_start
Arrêt du son : theme_world_1
Toutes les musiques arrêtées
Lecture en boucle du son : theme_world_1
Musique de niveau 1 démarrée : theme_world_1
Musique de démarrage terminée - Niveau 1 démarré avec musique de fond !
Ressources MediaPlayer libérées pour : intro
Ressources MediaPlayer libérées pour : level_start
Ressources MediaPlayer libérées pour : level_clear
Ressources MediaPlayer libérées pour : theme_world_1
Ressources AudioClip et pools nettoyées
Toutes les ressources audio nettoyées
Application fermée - Ressources libérées
[[1;33mWARNING[m] thread Thread[#343,Media Resource Disposer,5,bomberman.bomberman.Launcher] was interrupted but is still alive after waiting at least 15000msecs
[[1;33mWARNING[m] thread Thread[#343,Media Resource Disposer,5,bomberman.bomberman.Launcher] will linger despite being asked to die via interruption
[[1;33mWARNING[m] thread Thread[#344,Thread-152,5,bomberman.bomberman.Launcher] will linger despite being asked to die via interruption
[[1;33mWARNING[m] NOTE: 2 thread(s) did not finish despite being asked to via interruption. This is not a problem with exec:java, it is a problem with the running code. Although not serious, it should be remedied.
[[1;34mINFO[m] [1m------------------------------------------------------------------------[m
[[1;34mINFO[m] [1;32mBUILD SUCCESS[m
[[1;34mINFO[m] [1m------------------------------------------------------------------------[m
[[1;34mINFO[m] Total time:  24.707 s
[[1;34mINFO[m] Finished at: 2025-06-08T00:30:22+02:00
[[1;34mINFO[m] [1m------------------------------------------------------------------------[m
