WARNING: A terminally deprecated method in sun.misc.Unsafe has been called
WARNING: sun.misc.Unsafe::objectFieldOffset has been called by com.google.common.util.concurrent.AbstractFuture$UnsafeAtomicHelper (file:/usr/share/maven/lib/guava.jar)
WARNING: Please consider reporting this to the maintainers of class com.google.common.util.concurrent.AbstractFuture$UnsafeAtomicHelper
WARNING: sun.misc.Unsafe::objectFieldOffset will be removed in a future release
[[1;34mINFO[m] Scanning for projects...
[[1;34mINFO[m] 
[[1;34mINFO[m] [1m------------------------< [0;36mBOMBERMAN:BOMBERMAN[0;1m >-------------------------[m
[[1;34mINFO[m] [1mBuilding BOMBERMAN 1.0-SNAPSHOT[m
[[1;34mINFO[m] [1m--------------------------------[ jar ]---------------------------------[m
[[1;34mINFO[m] 
[[1;34mINFO[m] [1m--- [0;32mexec-maven-plugin:3.5.1:java[m [1m(default-cli)[m @ [36mBOMBERMAN[0;1m ---[m
juin 08, 2025 12:47:33 AM com.sun.javafx.application.PlatformImpl startup
WARNING: Unsupported JavaFX configuration: classes were loaded from 'unnamed module @72bc3b27'
WARNING: A restricted method in java.lang.System has been called
WARNING: java.lang.System::load has been called by com.sun.glass.utils.NativeLibLoader in an unnamed module (file:/home/neoziboy/.m2/repository/org/openjfx/javafx-graphics/17.0.6/javafx-graphics-17.0.6-linux.jar)
WARNING: Use --enable-native-access=ALL-UNNAMED to avoid a warning for callers in this module
WARNING: Restricted methods will be blocked in a future release unless native access is enabled

🖼️ Sprite contours chargé : 272×176 → affiché à 272×176
🧱 Grille de jeu créée : 13×11 tuiles de 16px à (32,0)
✅ ContoursMapView initialisée - Sprite: 272×176, Map: 208×176 à (32,0)
🧪 Pattern de test appliqué à la grille
🚀 Application de test lancée
📏 Sprite: 272×176 px
🧱 Grille: 13×11 tuiles de 16px
📍 Position: (32,0)
[[1;34mINFO[m] [1m------------------------------------------------------------------------[m
[[1;34mINFO[m] [1;32mBUILD SUCCESS[m
[[1;34mINFO[m] [1m------------------------------------------------------------------------[m
[[1;34mINFO[m] Total time:  3.562 s
[[1;34mINFO[m] Finished at: 2025-06-08T00:47:37+02:00
[[1;34mINFO[m] [1m------------------------------------------------------------------------[m
